+ unzip -q src-latest.zip -d src
+ git clone -q --recursive --depth 1 https://github.com/theos/theos.git /Users/runner/theos
+ brew install -q dpkg ldid
[32m==>[0m [1mDownloading bottle manifests[0m
✔︎ Bottle Manifest dpkg (1.23.7)
✔︎ Bottle Manifest ldid (2.1.5_1)
[34m==>[0m [1mWould install 2 formulae:[0m
dpkg ldid
[34m==>[0m [1mWould install 2 dependencies for dpkg:[0m
gpatch
libmd
[34m==>[0m [1mWould install 1 dependency for ldid:[0m
libplist
[32m==>[0m [1mFetching downloads for: [32mdpkg[39m and [32mldid[39m[0m
✔︎ Bottle Manifest gpatch (2.8)
✔︎ Bottle Manifest libmd (1.2.0)
✔︎ Bottle ldid (2.1.5_1)
✔︎ Bottle gpatch (2.8)
✔︎ Bottle libmd (1.2.0)
✔︎ Bottle dpkg (1.23.7)
✔︎ Bottle Manifest libplist (2.7.0)
✔︎ Bottle libplist (2.7.0)
[32m==>[0m [1mInstalling dependencies for dpkg:[0m [32mgpatch[39m and [32mlibmd[39m[0m
[32m==>[0m [1mInstalling dpkg dependency: [32mgpatch[39m[0m
[34m==>[0m [1mPouring gpatch--2.8.arm64_sonoma.bottle.tar.gz[0m
🍺  /opt/homebrew/Cellar/gpatch/2.8: 12 files, 412.4KB
[32m==>[0m [1mInstalling dpkg dependency: [32mlibmd[39m[0m
[34m==>[0m [1mPouring libmd--1.2.0.arm64_sonoma.bottle.tar.gz[0m
🍺  /opt/homebrew/Cellar/libmd/1.2.0: 138 files, 1MB
[32m==>[0m [1mInstalling [32mdpkg[39m[0m
[34m==>[0m [1mPouring dpkg--1.23.7.arm64_sonoma.bottle.tar.gz[0m
🍺  /opt/homebrew/Cellar/dpkg/1.23.7: 740 files, 18.3MB
[32m==>[0m [1mInstalling ldid dependency: [32mlibplist[39m[0m
[34m==>[0m [1mPouring libplist--2.7.0.arm64_sonoma.bottle.tar.gz[0m
🍺  /opt/homebrew/Cellar/libplist/2.7.0: 32 files, 606.6KB
[32m==>[0m [1mInstalling [32mldid[39m[0m
[34m==>[0m [1mPouring ldid--2.1.5_1.arm64_sonoma.bottle.1.tar.gz[0m
🍺  /opt/homebrew/Cellar/ldid/2.1.5_1: 6 files, 270.1KB
+ sudo ln -sfn /Users/runner/theos /opt/theos
+ cd src/PullOver-Plus-main
+ chmod +x build.sh
+ ./build.sh roothide release
==> Building PullOver Plus  [scheme=roothide  config=Release  arch=arm64 arm64e  deb=iphoneos-arm64e]
==> xcodebuild scheme PullOverPlus
Command line invocation:
    /Applications/Xcode_15.4.app/Contents/Developer/usr/bin/xcodebuild -scheme PullOverPlus -project PullOverPlus.xcodeproj -derivedDataPath /Users/runner/work/PullOverPlus/PullOverPlus/src/PullOver-Plus-main/build/roothide/derived-data -configuration Release -sdk iphoneos "ARCHS=arm64 arm64e" "VALID_ARCHS=arm64 arm64e" ONLY_ACTIVE_ARCH=NO POP_SCHEME=roothide POP_SCHEME_LIBRARY_DIR=/Users/runner/work/PullOverPlus/PullOverPlus/src/PullOver-Plus-main/roothide-devkit/roothide POP_ALTLIST_FRAMEWORK_DIR=/Users/runner/work/PullOverPlus/PullOverPlus/src/PullOver-Plus-main/PullOverPlusPreferences/Frameworks/_roothide POP_ROOTHIDE_LDFLAGS=-lroothide POP_ROOTLESS_LDFLAGS= POP_SCHEME_DEFS=THEOS_PACKAGE_SCHEME_ROOTHIDE=1 LD_RUNPATH_SEARCH_PATHS= CONFIGURATION_BUILD_DIR=/Users/runner/work/PullOverPlus/PullOverPlus/src/PullOver-Plus-main/build/roothide/products STRIP_INSTALLED_PRODUCT=YES STRIP_STYLE=non-global CODE_SIGNING_ALLOWED=NO CODE_SIGNING_REQUIRED=NO build

User defaults from command line:
    IDEDerivedDataPathOverride = /Users/runner/work/PullOverPlus/PullOverPlus/src/PullOver-Plus-main/build/roothide/derived-data
    IDEPackageSupportUseBuiltinSCM = YES

Build settings from command line:
    ARCHS = arm64 arm64e
    CODE_SIGNING_ALLOWED = NO
    CODE_SIGNING_REQUIRED = NO
    CONFIGURATION_BUILD_DIR = /Users/runner/work/PullOverPlus/PullOverPlus/src/PullOver-Plus-main/build/roothide/products
    LD_RUNPATH_SEARCH_PATHS = 
    ONLY_ACTIVE_ARCH = NO
    POP_ALTLIST_FRAMEWORK_DIR = /Users/runner/work/PullOverPlus/PullOverPlus/src/PullOver-Plus-main/PullOverPlusPreferences/Frameworks/_roothide
    POP_ROOTHIDE_LDFLAGS = -lroothide
    POP_ROOTLESS_LDFLAGS = 
    POP_SCHEME = roothide
    POP_SCHEME_DEFS = THEOS_PACKAGE_SCHEME_ROOTHIDE=1
    POP_SCHEME_LIBRARY_DIR = /Users/runner/work/PullOverPlus/PullOverPlus/src/PullOver-Plus-main/roothide-devkit/roothide
    SDKROOT = iphoneos17.5
    STRIP_INSTALLED_PRODUCT = YES
    STRIP_STYLE = non-global
    VALID_ARCHS = arm64 arm64e

--- xcodebuild: WARNING: Using the first of multiple matching destinations:
{ platform:iOS, id:dvtdevice-DVTiPhonePlaceholder-iphoneos:placeholder, name:Any iOS Device }
{ platform:macOS, arch:arm64, variant:Designed for [iPad,iPhone], id:0000FE00-7CCC9802DA488B9F, name:My Mac }
{ platform:macOS, arch:arm64, variant:Mac Catalyst, id:0000FE00-7CCC9802DA488B9F, name:My Mac }
{ platform:macOS, arch:x86_64, variant:Mac Catalyst, id:0000FE00-7CCC9802DA488B9F, name:My Mac }
{ platform:iOS Simulator, id:dvtdevice-DVTiOSDeviceSimulatorPlaceholder-iphonesimulator:placeholder, name:Any iOS Simulator Device }
{ platform:macOS, variant:Mac Catalyst, name:Any Mac }
{ platform:visionOS Simulator, variant:Designed for [iPad,iPhone], id:053A7A98-5FD7-453F-A161-ED8CF5BA879E, OS:1.2, name:Apple Vision Pro }
{ platform:visionOS Simulator, variant:Designed for [iPad,iPhone], id:5368165C-FC92-4220-8F33-31E8294414A5, OS:2.1, name:Apple Vision Pro }
{ platform:visionOS Simulator, variant:Designed for [iPad,iPhone], id:139B5B85-24A3-4225-9BE7-A33509E61E3A, OS:2.2, name:Apple Vision Pro }
{ platform:iOS Simulator, id:DF74F7F9-BC7D-45D2-B6D7-365012C9D3E3, OS:17.0.1, name:iPad (10th generation) }
{ platform:iOS Simulator, id:515AD940-54DE-47C5-AFB0-71DA64BD2E4E, OS:17.2, name:iPad (10th generation) }
{ platform:iOS Simulator, id:AD893D61-CF59-4C1F-BC27-17FA95345AEB, OS:17.4, name:iPad (10th generation) }
{ platform:iOS Simulator, id:2CCD0546-54BF-40BA-AC38-A12D1301CCF4, OS:17.5, name:iPad (10th generation) }
{ platform:iOS Simulator, id:5E1D11CA-A613-48CF-91DB-DCC7869F0CD5, OS:18.1, name:iPad (10th generation) }
{ platform:iOS Simulator, id:67F63B96-D57D-490C-8118-60586AF98CFA, OS:18.2, name:iPad (10th generation) }
{ platform:iOS Simulator, id:5663D732-1A65-46D2-936B-E50422D5792B, OS:17.0.1, name:iPad Air (5th generation) }
{ platform:iOS Simulator, id:6C3DF6CE-A91A-4DAF-BBD0-D47F4C0457BC, OS:17.2, name:iPad Air (5th generation) }
{ platform:iOS Simulator, id:6729BE70-A741-4CBF-98D1-8952B5D29F64, OS:17.4, name:iPad Air (5th generation) }
{ platform:iOS Simulator, id:25B3183D-375D-4EAA-8DF5-B2A7BBF9B6D9, OS:17.4, name:iPad Air 11-inch (M2) }
{ platform:iOS Simulator, id:472D7215-B393-46F9-B17A-8C25A48EA87E, OS:17.5, name:iPad Air 11-inch (M2) }
{ platform:iOS Simulator, id:400000AD-7A3F-4967-AEEB-3BC0FCDC0AED, OS:18.1, name:iPad Air 11-inch (M2) }
{ platform:iOS Simulator, id:EB5721BD-03AE-45E8-99B0-2B68B9CB845C, OS:18.2, name:iPad Air 11-inch (M2) }
{ platform:iOS Simulator, id:EAEEF433-7DBF-4642-B59F-E4BBB65FD06A, OS:17.4, name:iPad Air 13-inch (M2) }
{ platform:iOS Simulator, id:863E18C5-8189-490B-8BB9-275BB97D947E, OS:17.5, name:iPad Air 13-inch (M2) }
{ platform:iOS Simulator, id:2EB25C80-6444-4098-A780-F7F59C0F8DD0, OS:18.1, name:iPad Air 13-inch (M2) }
{ platform:iOS Simulator, id:C7ABC0AA-4EEF-4F25-95EB-13FD2E336D3D, OS:18.2, name:iPad Air 13-inch (M2) }
{ platform:iOS Simulator, id:29E0C62D-190C-4E79-98C9-A276D0B4D86C, OS:17.0.1, name:iPad Pro (11-inch) (4th generation) }
{ platform:iOS Simulator, id:3FE96799-A2F6-481F-9014-79F0DF49996D, OS:17.2, name:iPad Pro (11-inch) (4th generation) }
{ platform:iOS Simulator, id:DF049EFE-271B-4EB2-AA47-1D60564A006E, OS:17.4, name:iPad Pro (11-inch) (4th generation) }
{ platform:iOS Simulator, id:1723678C-0F76-4A79-AD2B-1974F77366DD, OS:17.0.1, name:iPad Pro (12.9-inch) (6th generation) }
{ platform:iOS Simulator, id:C7A8F972-935C-416B-BFBD-4B582A7EDC69, OS:17.2, name:iPad Pro (12.9-inch) (6th generation) }
{ platform:iOS Simulator, id:4B481FF8-4D0D-42EB-B97E-9DE64FF49BD6, OS:17.4, name:iPad Pro (12.9-inch) (6th generation) }
{ platform:iOS Simulator, id:11EFB8C6-ED66-489F-A458-204D59C42F76, OS:17.4, name:iPad Pro 11-inch (M4) }
{ platform:iOS Simulator, id:F89BCCFC-5701-4B88-A238-EE866AF4834F, OS:17.5, name:iPad Pro 11-inch (M4) }
{ platform:iOS Simulator, id:F9076D85-9C14-4ED2-93F6-E71E6F981F89, OS:18.1, name:iPad Pro 11-inch (M4) }
{ platform:iOS Simulator, id:4F2A0F20-9193-43F8-A522-C0AA707A082E, OS:18.2, name:iPad Pro 11-inch (M4) }
{ platform:iOS Simulator, id:BBFEF709-CB95-447F-B6CA-D0498DA0B173, OS:17.4, name:iPad Pro 13-inch (M4) }
{ platform:iOS Simulator, id:D69181A5-5606-482B-B916-B040BE2D9FA3, OS:17.5, name:iPad Pro 13-inch (M4) }
{ platform:iOS Simulator, id:BC70BF55-6CA3-43D6-8ACC-E91B7C39C6AB, OS:18.1, name:iPad Pro 13-inch (M4) }
{ platform:iOS Simulator, id:0A36B23B-1467-4152-AFD1-2D260E18A13A, OS:18.2, name:iPad Pro 13-inch (M4) }
{ platform:iOS Simulator, id:BD6387D7-ADCF-4683-B5C2-B6E5A6768FD9, OS:17.0.1, name:iPad mini (6th generation) }
{ platform:iOS Simulator, id:C35FEA6C-B13A-48DD-B9F6-A638EC541DCC, OS:17.2, name:iPad mini (6th generation) }
{ platform:iOS Simulator, id:C7C37F38-AECA-4FC8-B383-F038DCD1588E, OS:17.4, name:iPad mini (6th generation) }
{ platform:iOS Simulator, id:DA1F2196-DA29-4D5E-8BA8-9978EB2033E6, OS:17.5, name:iPad mini (6th generation) }
{ platform:iOS Simulator, id:3A74635F-7D65-4C66-99EA-D3BCA35026B9, OS:18.1, name:iPad mini (6th generation) }
{ platform:iOS Simulator, id:951E7119-0D57-4405-BC5D-111B9C0B4C97, OS:18.1, name:iPad mini (A17 Pro) }
{ platform:iOS Simulator, id:0F36BEB5-08B4-447F-A9D5-1DE57F2AA740, OS:18.2, name:iPad mini (A17 Pro) }
{ platform:iOS Simulator, id:85C23E01-9DF2-4DCC-B85A-E0BBB7758E48, OS:17.0.1, name:iPhone 15 }
{ platform:iOS Simulator, id:B85A6126-D430-4125-9250-E65CD7DF14B7, OS:17.2, name:iPhone 15 }
{ platform:iOS Simulator, id:30F33610-4843-4C04-99B0-734F24ADAB6B, OS:17.4, name:iPhone 15 }
{ platform:iOS Simulator, id:CC86AE0C-952D-43BA-B4CA-7A9A56FB3E00, OS:17.5, name:iPhone 15 }
{ platform:iOS Simulator, id:E1BBEED7-9988-48AD-ABAC-BD63523F7911, OS:18.1, name:iPhone 15 }
{ platform:iOS Simulator, id:17A8C012-E83F-467F-888A-25C2977491AB, OS:17.0.1, name:iPhone 15 Plus }
{ platform:iOS Simulator, id:D4463870-0237-4022-B154-00CCA82A0636, OS:17.2, name:iPhone 15 Plus }
{ platform:iOS Simulator, id:9E6981FD-68F6-499B-9715-54D0AC6B324E, OS:17.4, name:iPhone 15 Plus }
{ platform:iOS Simulator, id:4AA0BA9A-F857-4E14-B7E2-0886D349E70F, OS:17.5, name:iPhone 15 Plus }
{ platform:iOS Simulator, id:E3BBCD6B-A52D-45EF-B6E0-96D3151F472D, OS:17.0.1, name:iPhone 15 Pro }
{ platform:iOS Simulator, id:0C511E31-82CB-4CE3-AF79-548A755737AE, OS:17.2, name:iPhone 15 Pro }
{ platform:iOS Simulator, id:E63A4C69-8ADF-4037-A5EE-AE47A98E069B, OS:17.4, name:iPhone 15 Pro }
{ platform:iOS Simulator, id:B15C98D2-D2CB-4366-B470-4881BB76708E, OS:17.5, name:iPhone 15 Pro }
{ platform:iOS Simulator, id:78A14695-FEEB-4A7C-A0FA-91541B02259E, OS:17.0.1, name:iPhone 15 Pro Max }
{ platform:iOS Simulator, id:753632A6-2C76-413F-80EA-EA5B7C90310B, OS:17.2, name:iPhone 15 Pro Max }
{ platform:iOS Simulator, id:F2188A35-1A84-46E5-AD89-58890B04C591, OS:17.4, name:iPhone 15 Pro Max }
{ platform:iOS Simulator, id:B67BB802-8F6F-4830-A0C0-81D202D4AE98, OS:17.5, name:iPhone 15 Pro Max }
{ platform:iOS Simulator, id:A5B144E6-A071-4106-B457-76AA34C952DD, OS:18.1, name:iPhone 16 }
{ platform:iOS Simulator, id:EDC4F281-97FB-4004-B8FA-3ED2BD36749C, OS:18.2, name:iPhone 16 }
{ platform:iOS Simulator, id:CDBA815E-750D-4478-84CE-3B56660EA7E2, OS:18.1, name:iPhone 16 Plus }
{ platform:iOS Simulator, id:21915B6B-125F-4295-A2C0-EC803AABBF05, OS:18.2, name:iPhone 16 Plus }
{ platform:iOS Simulator, id:E6F7DFB4-78AF-4B8D-A285-B24000457240, OS:18.1, name:iPhone 16 Pro }
{ platform:iOS Simulator, id:154781AA-E525-424F-9768-390D4DED6241, OS:18.2, name:iPhone 16 Pro }
{ platform:iOS Simulator, id:D93350B9-61EE-4432-BD8E-E25978972F13, OS:18.1, name:iPhone 16 Pro Max }
{ platform:iOS Simulator, id:F4C49282-5F1D-44F0-B0C6-178B582DB734, OS:18.2, name:iPhone 16 Pro Max }
{ platform:iOS Simulator, id:3E23127D-2EE4-4591-89A5-FD2CEE2A05CE, OS:17.0.1, name:iPhone SE (3rd generation) }
{ platform:iOS Simulator, id:1EEC7A8C-5A8B-4FBE-B86E-AE7A34D4A64A, OS:17.2, name:iPhone SE (3rd generation) }
{ platform:iOS Simulator, id:1A195176-A999-41D7-A7D6-84FCB41A26EF, OS:17.4, name:iPhone SE (3rd generation) }
{ platform:iOS Simulator, id:52978592-8BD6-4A5C-8913-43711812C97D, OS:17.5, name:iPhone SE (3rd generation) }
{ platform:iOS Simulator, id:55BC56C5-67CD-46A7-BB04-A0B19A8F0AAC, OS:18.1, name:iPhone SE (3rd generation) }
{ platform:iOS Simulator, id:A9044B95-7ADA-4C87-9EE0-0393C5CC6805, OS:18.2, name:iPhone SE (3rd generation) }
{ platform:iOS Simulator, id:DF74F7F9-BC7D-45D2-B6D7-365012C9D3E3, OS:17.0.1, name:iPad (10th generation) }
{ platform:iOS Simulator, id:515AD940-54DE-47C5-AFB0-71DA64BD2E4E, OS:17.2, name:iPad (10th generation) }
{ platform:iOS Simulator, id:AD893D61-CF59-4C1F-BC27-17FA95345AEB, OS:17.4, name:iPad (10th generation) }
{ platform:iOS Simulator, id:2CCD0546-54BF-40BA-AC38-A12D1301CCF4, OS:17.5, name:iPad (10th generation) }
{ platform:iOS Simulator, id:5E1D11CA-A613-48CF-91DB-DCC7869F0CD5, OS:18.1, name:iPad (10th generation) }
{ platform:iOS Simulator, id:67F63B96-D57D-490C-8118-60586AF98CFA, OS:18.2, name:iPad (10th generation) }
{ platform:iOS Simulator, id:5663D732-1A65-46D2-936B-E50422D5792B, OS:17.0.1, name:iPad Air (5th generation) }
{ platform:iOS Simulator, id:6C3DF6CE-A91A-4DAF-BBD0-D47F4C0457BC, OS:17.2, name:iPad Air (5th generation) }
{ platform:iOS Simulator, id:6729BE70-A741-4CBF-98D1-8952B5D29F64, OS:17.4, name:iPad Air (5th generation) }
{ platform:iOS Simulator, id:25B3183D-375D-4EAA-8DF5-B2A7BBF9B6D9, OS:17.4, name:iPad Air 11-inch (M2) }
{ platform:iOS Simulator, id:472D7215-B393-46F9-B17A-8C25A48EA87E, OS:17.5, name:iPad Air 11-inch (M2) }
{ platform:iOS Simulator, id:400000AD-7A3F-4967-AEEB-3BC0FCDC0AED, OS:18.1, name:iPad Air 11-inch (M2) }
{ platform:iOS Simulator, id:EB5721BD-03AE-45E8-99B0-2B68B9CB845C, OS:18.2, name:iPad Air 11-inch (M2) }
{ platform:iOS Simulator, id:EAEEF433-7DBF-4642-B59F-E4BBB65FD06A, OS:17.4, name:iPad Air 13-inch (M2) }
{ platform:iOS Simulator, id:863E18C5-8189-490B-8BB9-275BB97D947E, OS:17.5, name:iPad Air 13-inch (M2) }
{ platform:iOS Simulator, id:2EB25C80-6444-4098-A780-F7F59C0F8DD0, OS:18.1, name:iPad Air 13-inch (M2) }
{ platform:iOS Simulator, id:C7ABC0AA-4EEF-4F25-95EB-13FD2E336D3D, OS:18.2, name:iPad Air 13-inch (M2) }
{ platform:iOS Simulator, id:29E0C62D-190C-4E79-98C9-A276D0B4D86C, OS:17.0.1, name:iPad Pro (11-inch) (4th generation) }
{ platform:iOS Simulator, id:3FE96799-A2F6-481F-9014-79F0DF49996D, OS:17.2, name:iPad Pro (11-inch) (4th generation) }
{ platform:iOS Simulator, id:DF049EFE-271B-4EB2-AA47-1D60564A006E, OS:17.4, name:iPad Pro (11-inch) (4th generation) }
{ platform:iOS Simulator, id:1723678C-0F76-4A79-AD2B-1974F77366DD, OS:17.0.1, name:iPad Pro (12.9-inch) (6th generation) }
{ platform:iOS Simulator, id:C7A8F972-935C-416B-BFBD-4B582A7EDC69, OS:17.2, name:iPad Pro (12.9-inch) (6th generation) }
{ platform:iOS Simulator, id:4B481FF8-4D0D-42EB-B97E-9DE64FF49BD6, OS:17.4, name:iPad Pro (12.9-inch) (6th generation) }
{ platform:iOS Simulator, id:11EFB8C6-ED66-489F-A458-204D59C42F76, OS:17.4, name:iPad Pro 11-inch (M4) }
{ platform:iOS Simulator, id:F89BCCFC-5701-4B88-A238-EE866AF4834F, OS:17.5, name:iPad Pro 11-inch (M4) }
{ platform:iOS Simulator, id:F9076D85-9C14-4ED2-93F6-E71E6F981F89, OS:18.1, name:iPad Pro 11-inch (M4) }
{ platform:iOS Simulator, id:4F2A0F20-9193-43F8-A522-C0AA707A082E, OS:18.2, name:iPad Pro 11-inch (M4) }
{ platform:iOS Simulator, id:BBFEF709-CB95-447F-B6CA-D0498DA0B173, OS:17.4, name:iPad Pro 13-inch (M4) }
{ platform:iOS Simulator, id:D69181A5-5606-482B-B916-B040BE2D9FA3, OS:17.5, name:iPad Pro 13-inch (M4) }
{ platform:iOS Simulator, id:BC70BF55-6CA3-43D6-8ACC-E91B7C39C6AB, OS:18.1, name:iPad Pro 13-inch (M4) }
{ platform:iOS Simulator, id:0A36B23B-1467-4152-AFD1-2D260E18A13A, OS:18.2, name:iPad Pro 13-inch (M4) }
{ platform:iOS Simulator, id:BD6387D7-ADCF-4683-B5C2-B6E5A6768FD9, OS:17.0.1, name:iPad mini (6th generation) }
{ platform:iOS Simulator, id:C35FEA6C-B13A-48DD-B9F6-A638EC541DCC, OS:17.2, name:iPad mini (6th generation) }
{ platform:iOS Simulator, id:C7C37F38-AECA-4FC8-B383-F038DCD1588E, OS:17.4, name:iPad mini (6th generation) }
{ platform:iOS Simulator, id:DA1F2196-DA29-4D5E-8BA8-9978EB2033E6, OS:17.5, name:iPad mini (6th generation) }
{ platform:iOS Simulator, id:3A74635F-7D65-4C66-99EA-D3BCA35026B9, OS:18.1, name:iPad mini (6th generation) }
{ platform:iOS Simulator, id:951E7119-0D57-4405-BC5D-111B9C0B4C97, OS:18.1, name:iPad mini (A17 Pro) }
{ platform:iOS Simulator, id:0F36BEB5-08B4-447F-A9D5-1DE57F2AA740, OS:18.2, name:iPad mini (A17 Pro) }
{ platform:iOS Simulator, id:85C23E01-9DF2-4DCC-B85A-E0BBB7758E48, OS:17.0.1, name:iPhone 15 }
{ platform:iOS Simulator, id:B85A6126-D430-4125-9250-E65CD7DF14B7, OS:17.2, name:iPhone 15 }
{ platform:iOS Simulator, id:30F33610-4843-4C04-99B0-734F24ADAB6B, OS:17.4, name:iPhone 15 }
{ platform:iOS Simulator, id:CC86AE0C-952D-43BA-B4CA-7A9A56FB3E00, OS:17.5, name:iPhone 15 }
{ platform:iOS Simulator, id:E1BBEED7-9988-48AD-ABAC-BD63523F7911, OS:18.1, name:iPhone 15 }
{ platform:iOS Simulator, id:17A8C012-E83F-467F-888A-25C2977491AB, OS:17.0.1, name:iPhone 15 Plus }
{ platform:iOS Simulator, id:D4463870-0237-4022-B154-00CCA82A0636, OS:17.2, name:iPhone 15 Plus }
{ platform:iOS Simulator, id:9E6981FD-68F6-499B-9715-54D0AC6B324E, OS:17.4, name:iPhone 15 Plus }
{ platform:iOS Simulator, id:4AA0BA9A-F857-4E14-B7E2-0886D349E70F, OS:17.5, name:iPhone 15 Plus }
{ platform:iOS Simulator, id:E3BBCD6B-A52D-45EF-B6E0-96D3151F472D, OS:17.0.1, name:iPhone 15 Pro }
{ platform:iOS Simulator, id:0C511E31-82CB-4CE3-AF79-548A755737AE, OS:17.2, name:iPhone 15 Pro }
{ platform:iOS Simulator, id:E63A4C69-8ADF-4037-A5EE-AE47A98E069B, OS:17.4, name:iPhone 15 Pro }
{ platform:iOS Simulator, id:B15C98D2-D2CB-4366-B470-4881BB76708E, OS:17.5, name:iPhone 15 Pro }
{ platform:iOS Simulator, id:78A14695-FEEB-4A7C-A0FA-91541B02259E, OS:17.0.1, name:iPhone 15 Pro Max }
{ platform:iOS Simulator, id:753632A6-2C76-413F-80EA-EA5B7C90310B, OS:17.2, name:iPhone 15 Pro Max }
{ platform:iOS Simulator, id:F2188A35-1A84-46E5-AD89-58890B04C591, OS:17.4, name:iPhone 15 Pro Max }
{ platform:iOS Simulator, id:B67BB802-8F6F-4830-A0C0-81D202D4AE98, OS:17.5, name:iPhone 15 Pro Max }
{ platform:iOS Simulator, id:A5B144E6-A071-4106-B457-76AA34C952DD, OS:18.1, name:iPhone 16 }
{ platform:iOS Simulator, id:EDC4F281-97FB-4004-B8FA-3ED2BD36749C, OS:18.2, name:iPhone 16 }
{ platform:iOS Simulator, id:CDBA815E-750D-4478-84CE-3B56660EA7E2, OS:18.1, name:iPhone 16 Plus }
{ platform:iOS Simulator, id:21915B6B-125F-4295-A2C0-EC803AABBF05, OS:18.2, name:iPhone 16 Plus }
{ platform:iOS Simulator, id:E6F7DFB4-78AF-4B8D-A285-B24000457240, OS:18.1, name:iPhone 16 Pro }
{ platform:iOS Simulator, id:154781AA-E525-424F-9768-390D4DED6241, OS:18.2, name:iPhone 16 Pro }
{ platform:iOS Simulator, id:D93350B9-61EE-4432-BD8E-E25978972F13, OS:18.1, name:iPhone 16 Pro Max }
{ platform:iOS Simulator, id:F4C49282-5F1D-44F0-B0C6-178B582DB734, OS:18.2, name:iPhone 16 Pro Max }
{ platform:iOS Simulator, id:3E23127D-2EE4-4591-89A5-FD2CEE2A05CE, OS:17.0.1, name:iPhone SE (3rd generation) }
{ platform:iOS Simulator, id:1EEC7A8C-5A8B-4FBE-B86E-AE7A34D4A64A, OS:17.2, name:iPhone SE (3rd generation) }
{ platform:iOS Simulator, id:1A195176-A999-41D7-A7D6-84FCB41A26EF, OS:17.4, name:iPhone SE (3rd generation) }
{ platform:iOS Simulator, id:52978592-8BD6-4A5C-8913-43711812C97D, OS:17.5, name:iPhone SE (3rd generation) }
{ platform:iOS Simulator, id:55BC56C5-67CD-46A7-BB04-A0B19A8F0AAC, OS:18.1, name:iPhone SE (3rd generation) }
{ platform:iOS Simulator, id:A9044B95-7ADA-4C87-9EE0-0393C5CC6805, OS:18.2, name:iPhone SE (3rd generation) }
Prepare packages

ComputeTargetDependencyGraph
note: Building targets in dependency order
note: Target dependency graph (2 targets)
    Target 'PullOverPlus' in project 'PullOverPlus'
        ➜ Explicit dependency on target 'PullOverPlusPreferences' in project 'PullOverPlus'
    Target 'PullOverPlusPreferences' in project 'PullOverPlus' (no dependencies)

GatherProvisioningInputs

CreateBuildDescription

ExecuteExternalTool /Applications/Xcode_15.4.app/Contents/Developer/Toolchains/XcodeDefault.xctoolchain/usr/bin/clang -v -E -dM -arch arm64 -isysroot /Applications/Xcode_15.4.app/Contents/Developer/Platforms/iPhoneOS.platform/Developer/SDKs/iPhoneOS17.5.sdk -x c -c /dev/null

ExecuteExternalTool /Applications/Xcode_15.4.app/Contents/Developer/Toolchains/XcodeDefault.xctoolchain/usr/bin/clang -v -E -dM -isysroot /Applications/Xcode_15.4.app/Contents/Developer/Platforms/iPhoneOS.platform/Developer/SDKs/iPhoneOS17.5.sdk -x c -c /dev/null

ExecuteExternalTool /Applications/Xcode_15.4.app/Contents/Developer/Toolchains/XcodeDefault.xctoolchain/usr/bin/clang -v -E -dM -arch arm64 -isysroot /Applications/Xcode_15.4.app/Contents/Developer/Platforms/iPhoneOS.platform/Developer/SDKs/iPhoneOS17.5.sdk -x objective-c -c /dev/null

ExecuteExternalTool /Applications/Xcode_15.4.app/Contents/Developer/Toolchains/XcodeDefault.xctoolchain/usr/bin/clang -v -E -dM -arch arm64 -isysroot /Applications/Xcode_15.4.app/Contents/Developer/Platforms/iPhoneOS.platform/Developer/SDKs/iPhoneOS17.5.sdk -x objective-c++ -c /dev/null

ExecuteExternalTool /Applications/Xcode_15.4.app/Contents/Developer/Toolchains/XcodeDefault.xctoolchain/usr/bin/ld -version_details

ExecuteExternalTool /Applications/Xcode_15.4.app/Contents/Developer/Toolchains/XcodeDefault.xctoolchain/usr/bin/clang -v -E -dM -arch arm64e -isysroot /Applications/Xcode_15.4.app/Contents/Developer/Platforms/iPhoneOS.platform/Developer/SDKs/iPhoneOS17.5.sdk -x c -c /dev/null

ExecuteExternalTool /Applications/Xcode_15.4.app/Contents/Developer/Toolchains/XcodeDefault.xctoolchain/usr/bin/clang -v -E -dM -arch arm64e -isysroot /Applications/Xcode_15.4.app/Contents/Developer/Platforms/iPhoneOS.platform/Developer/SDKs/iPhoneOS17.5.sdk -x objective-c -c /dev/null

ExecuteExternalTool /Applications/Xcode_15.4.app/Contents/Developer/Toolchains/XcodeDefault.xctoolchain/usr/bin/clang -v -E -dM -arch arm64e -isysroot /Applications/Xcode_15.4.app/Contents/Developer/Platforms/iPhoneOS.platform/Developer/SDKs/iPhoneOS17.5.sdk -x objective-c++ -c /dev/null

Build description signature: cbf81d72392de79abeff47024ff35395
Build description path: /Users/runner/work/PullOverPlus/PullOverPlus/src/PullOver-Plus-main/build/roothide/derived-data/Build/Intermediates.noindex/XCBuildData/cbf81d72392de79abeff47024ff35395.xcbuilddata
CreateBuildDirectory /Users/runner/work/PullOverPlus/PullOverPlus/src/PullOver-Plus-main/build/roothide/products
    cd /Users/runner/work/PullOverPlus/PullOverPlus/src/PullOver-Plus-main/PullOverPlus.xcodeproj
    builtin-create-build-directory /Users/runner/work/PullOverPlus/PullOverPlus/src/PullOver-Plus-main/build/roothide/products

CreateBuildDirectory /Users/runner/work/PullOverPlus/PullOverPlus/src/PullOver-Plus-main/build/roothide/derived-data/Build/Intermediates.noindex
    cd /Users/runner/work/PullOverPlus/PullOverPlus/src/PullOver-Plus-main/PullOverPlus.xcodeproj
    builtin-create-build-directory /Users/runner/work/PullOverPlus/PullOverPlus/src/PullOver-Plus-main/build/roothide/derived-data/Build/Intermediates.noindex

CreateBuildDirectory /Users/runner/work/PullOverPlus/PullOverPlus/src/PullOver-Plus-main/build/roothide/derived-data/Build/Products
    cd /Users/runner/work/PullOverPlus/PullOverPlus/src/PullOver-Plus-main/PullOverPlus.xcodeproj
    builtin-create-build-directory /Users/runner/work/PullOverPlus/PullOverPlus/src/PullOver-Plus-main/build/roothide/derived-data/Build/Products

ClangStatCache /Applications/Xcode_15.4.app/Contents/Developer/Toolchains/XcodeDefault.xctoolchain/usr/bin/clang-stat-cache /Applications/Xcode_15.4.app/Contents/Developer/Platforms/iPhoneOS.platform/Developer/SDKs/iPhoneOS17.5.sdk /Users/runner/work/PullOverPlus/PullOverPlus/src/PullOver-Plus-main/build/roothide/derived-data/SDKStatCaches.noindex/iphoneos17.5-21F77-f0fa7969d082b13145125136a829df3a.sdkstatcache
    cd /Users/runner/work/PullOverPlus/PullOverPlus/src/PullOver-Plus-main/PullOverPlus.xcodeproj
    /Applications/Xcode_15.4.app/Contents/Developer/Toolchains/XcodeDefault.xctoolchain/usr/bin/clang-stat-cache /Applications/Xcode_15.4.app/Contents/Developer/Platforms/iPhoneOS.platform/Developer/SDKs/iPhoneOS17.5.sdk -o /Users/runner/work/PullOverPlus/PullOverPlus/src/PullOver-Plus-main/build/roothide/derived-data/SDKStatCaches.noindex/iphoneos17.5-21F77-f0fa7969d082b13145125136a829df3a.sdkstatcache

CreateBuildDirectory /Users/runner/work/PullOverPlus/PullOverPlus/src/PullOver-Plus-main/build/roothide/derived-data/Build/Intermediates.noindex/EagerLinkingTBDs/Release-iphoneos
    cd /Users/runner/work/PullOverPlus/PullOverPlus/src/PullOver-Plus-main/PullOverPlus.xcodeproj
    builtin-create-build-directory /Users/runner/work/PullOverPlus/PullOverPlus/src/PullOver-Plus-main/build/roothide/derived-data/Build/Intermediates.noindex/EagerLinkingTBDs/Release-iphoneos

MkDir /Users/runner/work/PullOverPlus/PullOverPlus/src/PullOver-Plus-main/build/roothide/products/PullOverPlusPreferences.bundle (in target 'PullOverPlusPreferences' from project 'PullOverPlus')
    cd /Users/runner/work/PullOverPlus/PullOverPlus/src/PullOver-Plus-main
    /bin/mkdir -p /Users/runner/work/PullOverPlus/PullOverPlus/src/PullOver-Plus-main/build/roothide/products/PullOverPlusPreferences.bundle

WriteAuxiliaryFile /Users/runner/work/PullOverPlus/PullOverPlus/src/PullOver-Plus-main/build/roothide/derived-data/Build/Intermediates.noindex/PullOverPlus.build/Release-iphoneos/PullOverPlusPreferences.build/all-product-headers.yaml (in target 'PullOverPlusPreferences' from project 'PullOverPlus')
    cd /Users/runner/work/PullOverPlus/PullOverPlus/src/PullOver-Plus-main
    write-file /Users/runner/work/PullOverPlus/PullOverPlus/src/PullOver-Plus-main/build/roothide/derived-data/Build/Intermediates.noindex/PullOverPlus.build/Release-iphoneos/PullOverPlusPreferences.build/all-product-headers.yaml

WriteAuxiliaryFile /Users/runner/work/PullOverPlus/PullOverPlus/src/PullOver-Plus-main/build/roothide/derived-data/Build/Intermediates.noindex/PullOverPlus.build/Release-iphoneos/PullOverPlusPreferences.build/PullOverPlusPreferences.hmap (in target 'PullOverPlusPreferences' from project 'PullOverPlus')
    cd /Users/runner/work/PullOverPlus/PullOverPlus/src/PullOver-Plus-main
    write-file /Users/runner/work/PullOverPlus/PullOverPlus/src/PullOver-Plus-main/build/roothide/derived-data/Build/Intermediates.noindex/PullOverPlus.build/Release-iphoneos/PullOverPlusPreferences.build/PullOverPlusPreferences.hmap

WriteAuxiliaryFile /Users/runner/work/PullOverPlus/PullOverPlus/src/PullOver-Plus-main/build/roothide/derived-data/Build/Intermediates.noindex/PullOverPlus.build/Release-iphoneos/PullOverPlusPreferences.build/PullOverPlusPreferences-project-headers.hmap (in target 'PullOverPlusPreferences' from project 'PullOverPlus')
    cd /Users/runner/work/PullOverPlus/PullOverPlus/src/PullOver-Plus-main
    write-file /Users/runner/work/PullOverPlus/PullOverPlus/src/PullOver-Plus-main/build/roothide/derived-data/Build/Intermediates.noindex/PullOverPlus.build/Release-iphoneos/PullOverPlusPreferences.build/PullOverPlusPreferences-project-headers.hmap

WriteAuxiliaryFile /Users/runner/work/PullOverPlus/PullOverPlus/src/PullOver-Plus-main/build/roothide/derived-data/Build/Intermediates.noindex/PullOverPlus.build/Release-iphoneos/PullOverPlusPreferences.build/PullOverPlusPreferences-own-target-headers.hmap (in target 'PullOverPlusPreferences' from project 'PullOverPlus')
    cd /Users/runner/work/PullOverPlus/PullOverPlus/src/PullOver-Plus-main
    write-file /Users/runner/work/PullOverPlus/PullOverPlus/src/PullOver-Plus-main/build/roothide/derived-data/Build/Intermediates.noindex/PullOverPlus.build/Release-iphoneos/PullOverPlusPreferences.build/PullOverPlusPreferences-own-target-headers.hmap

WriteAuxiliaryFile /Users/runner/work/PullOverPlus/PullOverPlus/src/PullOver-Plus-main/build/roothide/derived-data/Build/Intermediates.noindex/PullOverPlus.build/Release-iphoneos/PullOverPlusPreferences.build/PullOverPlusPreferences-generated-files.hmap (in target 'PullOverPlusPreferences' from project 'PullOverPlus')
    cd /Users/runner/work/PullOverPlus/PullOverPlus/src/PullOver-Plus-main
    write-file /Users/runner/work/PullOverPlus/PullOverPlus/src/PullOver-Plus-main/build/roothide/derived-data/Build/Intermediates.noindex/PullOverPlus.build/Release-iphoneos/PullOverPlusPreferences.build/PullOverPlusPreferences-generated-files.hmap

WriteAuxiliaryFile /Users/runner/work/PullOverPlus/PullOverPlus/src/PullOver-Plus-main/build/roothide/derived-data/Build/Intermediates.noindex/PullOverPlus.build/Release-iphoneos/PullOverPlusPreferences.build/PullOverPlusPreferences-all-target-headers.hmap (in target 'PullOverPlusPreferences' from project 'PullOverPlus')
    cd /Users/runner/work/PullOverPlus/PullOverPlus/src/PullOver-Plus-main
    write-file /Users/runner/work/PullOverPlus/PullOverPlus/src/PullOver-Plus-main/build/roothide/derived-data/Build/Intermediates.noindex/PullOverPlus.build/Release-iphoneos/PullOverPlusPreferences.build/PullOverPlusPreferences-all-target-headers.hmap

WriteAuxiliaryFile /Users/runner/work/PullOverPlus/PullOverPlus/src/PullOver-Plus-main/build/roothide/derived-data/Build/Intermediates.noindex/PullOverPlus.build/Release-iphoneos/PullOverPlusPreferences.build/PullOverPlusPreferences-all-non-framework-target-headers.hmap (in target 'PullOverPlusPreferences' from project 'PullOverPlus')
    cd /Users/runner/work/PullOverPlus/PullOverPlus/src/PullOver-Plus-main
    write-file /Users/runner/work/PullOverPlus/PullOverPlus/src/PullOver-Plus-main/build/roothide/derived-data/Build/Intermediates.noindex/PullOverPlus.build/Release-iphoneos/PullOverPlusPreferences.build/PullOverPlusPreferences-all-non-framework-target-headers.hmap

WriteAuxiliaryFile /Users/runner/work/PullOverPlus/PullOverPlus/src/PullOver-Plus-main/build/roothide/derived-data/Build/Intermediates.noindex/PullOverPlus.build/Release-iphoneos/PullOverPlus.build/all-product-headers.yaml (in target 'PullOverPlus' from project 'PullOverPlus')
    cd /Users/runner/work/PullOverPlus/PullOverPlus/src/PullOver-Plus-main
    write-file /Users/runner/work/PullOverPlus/PullOverPlus/src/PullOver-Plus-main/build/roothide/derived-data/Build/Intermediates.noindex/PullOverPlus.build/Release-iphoneos/PullOverPlus.build/all-product-headers.yaml

WriteAuxiliaryFile /Users/runner/work/PullOverPlus/PullOverPlus/src/PullOver-Plus-main/build/roothide/derived-data/Build/Intermediates.noindex/PullOverPlus.build/Release-iphoneos/PullOverPlus.build/PullOverPlus.hmap (in target 'PullOverPlus' from project 'PullOverPlus')
    cd /Users/runner/work/PullOverPlus/PullOverPlus/src/PullOver-Plus-main
    write-file /Users/runner/work/PullOverPlus/PullOverPlus/src/PullOver-Plus-main/build/roothide/derived-data/Build/Intermediates.noindex/PullOverPlus.build/Release-iphoneos/PullOverPlus.build/PullOverPlus.hmap

WriteAuxiliaryFile /Users/runner/work/PullOverPlus/PullOverPlus/src/PullOver-Plus-main/build/roothide/derived-data/Build/Intermediates.noindex/PullOverPlus.build/Release-iphoneos/PullOverPlus.build/PullOverPlus-project-headers.hmap (in target 'PullOverPlus' from project 'PullOverPlus')
    cd /Users/runner/work/PullOverPlus/PullOverPlus/src/PullOver-Plus-main
    write-file /Users/runner/work/PullOverPlus/PullOverPlus/src/PullOver-Plus-main/build/roothide/derived-data/Build/Intermediates.noindex/PullOverPlus.build/Release-iphoneos/PullOverPlus.build/PullOverPlus-project-headers.hmap

WriteAuxiliaryFile /Users/runner/work/PullOverPlus/PullOverPlus/src/PullOver-Plus-main/build/roothide/derived-data/Build/Intermediates.noindex/PullOverPlus.build/Release-iphoneos/PullOverPlus.build/PullOverPlus-own-target-headers.hmap (in target 'PullOverPlus' from project 'PullOverPlus')
    cd /Users/runner/work/PullOverPlus/PullOverPlus/src/PullOver-Plus-main
    write-file /Users/runner/work/PullOverPlus/PullOverPlus/src/PullOver-Plus-main/build/roothide/derived-data/Build/Intermediates.noindex/PullOverPlus.build/Release-iphoneos/PullOverPlus.build/PullOverPlus-own-target-headers.hmap

WriteAuxiliaryFile /Users/runner/work/PullOverPlus/PullOverPlus/src/PullOver-Plus-main/build/roothide/derived-data/Build/Intermediates.noindex/PullOverPlus.build/Release-iphoneos/PullOverPlus.build/PullOverPlus-generated-files.hmap (in target 'PullOverPlus' from project 'PullOverPlus')
    cd /Users/runner/work/PullOverPlus/PullOverPlus/src/PullOver-Plus-main
    write-file /Users/runner/work/PullOverPlus/PullOverPlus/src/PullOver-Plus-main/build/roothide/derived-data/Build/Intermediates.noindex/PullOverPlus.build/Release-iphoneos/PullOverPlus.build/PullOverPlus-generated-files.hmap

WriteAuxiliaryFile /Users/runner/work/PullOverPlus/PullOverPlus/src/PullOver-Plus-main/build/roothide/derived-data/Build/Intermediates.noindex/PullOverPlus.build/Release-iphoneos/PullOverPlus.build/PullOverPlus-all-target-headers.hmap (in target 'PullOverPlus' from project 'PullOverPlus')
    cd /Users/runner/work/PullOverPlus/PullOverPlus/src/PullOver-Plus-main
    write-file /Users/runner/work/PullOverPlus/PullOverPlus/src/PullOver-Plus-main/build/roothide/derived-data/Build/Intermediates.noindex/PullOverPlus.build/Release-iphoneos/PullOverPlus.build/PullOverPlus-all-target-headers.hmap

WriteAuxiliaryFile /Users/runner/work/PullOverPlus/PullOverPlus/src/PullOver-Plus-main/build/roothide/derived-data/Build/Intermediates.noindex/PullOverPlus.build/Release-iphoneos/PullOverPlus.build/PullOverPlus-all-non-framework-target-headers.hmap (in target 'PullOverPlus' from project 'PullOverPlus')
    cd /Users/runner/work/PullOverPlus/PullOverPlus/src/PullOver-Plus-main
    write-file /Users/runner/work/PullOverPlus/PullOverPlus/src/PullOver-Plus-main/build/roothide/derived-data/Build/Intermediates.noindex/PullOverPlus.build/Release-iphoneos/PullOverPlus.build/PullOverPlus-all-non-framework-target-headers.hmap

WriteAuxiliaryFile /Users/runner/work/PullOverPlus/PullOverPlus/src/PullOver-Plus-main/build/roothide/derived-data/Build/Intermediates.noindex/PullOverPlus.build/Release-iphoneos/PullOverPlusPreferences.build/Objects-normal/arm64e/PullOverPlusPreferences.LinkFileList (in target 'PullOverPlusPreferences' from project 'PullOverPlus')
    cd /Users/runner/work/PullOverPlus/PullOverPlus/src/PullOver-Plus-main
    write-file /Users/runner/work/PullOverPlus/PullOverPlus/src/PullOver-Plus-main/build/roothide/derived-data/Build/Intermediates.noindex/PullOverPlus.build/Release-iphoneos/PullOverPlusPreferences.build/Objects-normal/arm64e/PullOverPlusPreferences.LinkFileList

WriteAuxiliaryFile /Users/runner/work/PullOverPlus/PullOverPlus/src/PullOver-Plus-main/build/roothide/derived-data/Build/Intermediates.noindex/PullOverPlus.build/Release-iphoneos/PullOverPlusPreferences.build/Objects-normal/arm64/PullOverPlusPreferences.LinkFileList (in target 'PullOverPlusPreferences' from project 'PullOverPlus')
    cd /Users/runner/work/PullOverPlus/PullOverPlus/src/PullOver-Plus-main
    write-file /Users/runner/work/PullOverPlus/PullOverPlus/src/PullOver-Plus-main/build/roothide/derived-data/Build/Intermediates.noindex/PullOverPlus.build/Release-iphoneos/PullOverPlusPreferences.build/Objects-normal/arm64/PullOverPlusPreferences.LinkFileList

WriteAuxiliaryFile /Users/runner/work/PullOverPlus/PullOverPlus/src/PullOver-Plus-main/build/roothide/derived-data/Build/Intermediates.noindex/PullOverPlus.build/Release-iphoneos/PullOverPlusPreferences.build/Objects-normal/arm64e/e6072d4f65d7061329687fe24e3d63a7-common-args.resp (in target 'PullOverPlusPreferences' from project 'PullOverPlus')
    cd /Users/runner/work/PullOverPlus/PullOverPlus/src/PullOver-Plus-main
    write-file /Users/runner/work/PullOverPlus/PullOverPlus/src/PullOver-Plus-main/build/roothide/derived-data/Build/Intermediates.noindex/PullOverPlus.build/Release-iphoneos/PullOverPlusPreferences.build/Objects-normal/arm64e/e6072d4f65d7061329687fe24e3d63a7-common-args.resp
-target arm64e-apple-ios14.0 -fobjc-arc -fpascal-strings -Os -fno-common '-DTHEOS_PACKAGE_SCHEME_ROOTHIDE=1' '-DOBJC_OLD_DISPATCH_PROTOTYPES=0' -isysroot /Applications/Xcode_15.4.app/Contents/Developer/Platforms/iPhoneOS.platform/Developer/SDKs/iPhoneOS17.5.sdk '-fvisibility=hidden' -iquote /Users/runner/work/PullOverPlus/PullOverPlus/src/PullOver-Plus-main/build/roothide/derived-data/Build/Intermediates.noindex/PullOverPlus.build/Release-iphoneos/PullOverPlusPreferences.build/PullOverPlusPreferences-generated-files.hmap -I/Users/runner/work/PullOverPlus/PullOverPlus/src/PullOver-Plus-main/build/roothide/derived-data/Build/Intermediates.noindex/PullOverPlus.build/Release-iphoneos/PullOverPlusPreferences.build/PullOverPlusPreferences-own-target-headers.hmap -I/Users/runner/work/PullOverPlus/PullOverPlus/src/PullOver-Plus-main/build/roothide/derived-data/Build/Intermediates.noindex/PullOverPlus.build/Release-iphoneos/PullOverPlusPreferences.build/PullOverPlusPreferences-all-target-headers.hmap -iquote /Users/runner/work/PullOverPlus/PullOverPlus/src/PullOver-Plus-main/build/roothide/derived-data/Build/Intermediates.noindex/PullOverPlus.build/Release-iphoneos/PullOverPlusPreferences.build/PullOverPlusPreferences-project-headers.hmap -I/Users/runner/work/PullOverPlus/PullOverPlus/src/PullOver-Plus-main/build/roothide/products/include -I/Users/runner/work/PullOverPlus/PullOverPlus/src/PullOver-Plus-main/roothide-devkit -I/opt/theos/vendor/include -I/opt/theos/include -I/Users/runner/work/PullOverPlus/PullOverPlus/src/PullOver-Plus-main/build/roothide/derived-data/Build/Intermediates.noindex/PullOverPlus.build/Release-iphoneos/PullOverPlusPreferences.build/DerivedSources-normal/arm64e -I/Users/runner/work/PullOverPlus/PullOverPlus/src/PullOver-Plus-main/build/roothide/derived-data/Build/Intermediates.noindex/PullOverPlus.build/Release-iphoneos/PullOverPlusPreferences.build/DerivedSources/arm64e -I/Users/runner/work/PullOverPlus/PullOverPlus/src/PullOver-Plus-main/build/roothide/derived-data/Build/Intermediates.noindex/PullOverPlus.build/Release-iphoneos/PullOverPlusPreferences.build/DerivedSources -F/Users/runner/work/PullOverPlus/PullOverPlus/src/PullOver-Plus-main/build/roothide/products -F/Users/runner/work/PullOverPlus/PullOverPlus/src/PullOver-Plus-main/roothide-devkit/roothide -F/Users/runner/work/PullOverPlus/PullOverPlus/src/PullOver-Plus-main/PullOverPlusPreferences/Frameworks/_roothide -F/opt/theos/vendor/lib

WriteAuxiliaryFile /Users/runner/work/PullOverPlus/PullOverPlus/src/PullOver-Plus-main/build/roothide/derived-data/Build/Intermediates.noindex/PullOverPlus.build/Release-iphoneos/PullOverPlusPreferences.build/Objects-normal/arm64e/7187679823f38a2a940e0043cdf9d637-common-args.resp (in target 'PullOverPlusPreferences' from project 'PullOverPlus')
    cd /Users/runner/work/PullOverPlus/PullOverPlus/src/PullOver-Plus-main
    write-file /Users/runner/work/PullOverPlus/PullOverPlus/src/PullOver-Plus-main/build/roothide/derived-data/Build/Intermediates.noindex/PullOverPlus.build/Release-iphoneos/PullOverPlusPreferences.build/Objects-normal/arm64e/7187679823f38a2a940e0043cdf9d637-common-args.resp
-target arm64e-apple-ios14.0 -fpascal-strings -Os -fno-common '-DTHEOS_PACKAGE_SCHEME_ROOTHIDE=1' -isysroot /Applications/Xcode_15.4.app/Contents/Developer/Platforms/iPhoneOS.platform/Developer/SDKs/iPhoneOS17.5.sdk '-fvisibility=hidden' -iquote /Users/runner/work/PullOverPlus/PullOverPlus/src/PullOver-Plus-main/build/roothide/derived-data/Build/Intermediates.noindex/PullOverPlus.build/Release-iphoneos/PullOverPlusPreferences.build/PullOverPlusPreferences-generated-files.hmap -I/Users/runner/work/PullOverPlus/PullOverPlus/src/PullOver-Plus-main/build/roothide/derived-data/Build/Intermediates.noindex/PullOverPlus.build/Release-iphoneos/PullOverPlusPreferences.build/PullOverPlusPreferences-own-target-headers.hmap -I/Users/runner/work/PullOverPlus/PullOverPlus/src/PullOver-Plus-main/build/roothide/derived-data/Build/Intermediates.noindex/PullOverPlus.build/Release-iphoneos/PullOverPlusPreferences.build/PullOverPlusPreferences-all-target-headers.hmap -iquote /Users/runner/work/PullOverPlus/PullOverPlus/src/PullOver-Plus-main/build/roothide/derived-data/Build/Intermediates.noindex/PullOverPlus.build/Release-iphoneos/PullOverPlusPreferences.build/PullOverPlusPreferences-project-headers.hmap -I/Users/runner/work/PullOverPlus/PullOverPlus/src/PullOver-Plus-main/build/roothide/products/include -I/Users/runner/work/PullOverPlus/PullOverPlus/src/PullOver-Plus-main/roothide-devkit -I/opt/theos/vendor/include -I/opt/theos/include -I/Users/runner/work/PullOverPlus/PullOverPlus/src/PullOver-Plus-main/build/roothide/derived-data/Build/Intermediates.noindex/PullOverPlus.build/Release-iphoneos/PullOverPlusPreferences.build/DerivedSources-normal/arm64e -I/Users/runner/work/PullOverPlus/PullOverPlus/src/PullOver-Plus-main/build/roothide/derived-data/Build/Intermediates.noindex/PullOverPlus.build/Release-iphoneos/PullOverPlusPreferences.build/DerivedSources/arm64e -I/Users/runner/work/PullOverPlus/PullOverPlus/src/PullOver-Plus-main/build/roothide/derived-data/Build/Intermediates.noindex/PullOverPlus.build/Release-iphoneos/PullOverPlusPreferences.build/DerivedSources -F/Users/runner/work/PullOverPlus/PullOverPlus/src/PullOver-Plus-main/build/roothide/products -F/Users/runner/work/PullOverPlus/PullOverPlus/src/PullOver-Plus-main/roothide-devkit/roothide -F/Users/runner/work/PullOverPlus/PullOverPlus/src/PullOver-Plus-main/PullOverPlusPreferences/Frameworks/_roothide -F/opt/theos/vendor/lib

WriteAuxiliaryFile /Users/runner/work/PullOverPlus/PullOverPlus/src/PullOver-Plus-main/build/roothide/derived-data/Build/Intermediates.noindex/PullOverPlus.build/Release-iphoneos/PullOverPlusPreferences.build/Objects-normal/arm64/e6072d4f65d7061329687fe24e3d63a7-common-args.resp (in target 'PullOverPlusPreferences' from project 'PullOverPlus')
    cd /Users/runner/work/PullOverPlus/PullOverPlus/src/PullOver-Plus-main
    write-file /Users/runner/work/PullOverPlus/PullOverPlus/src/PullOver-Plus-main/build/roothide/derived-data/Build/Intermediates.noindex/PullOverPlus.build/Release-iphoneos/PullOverPlusPreferences.build/Objects-normal/arm64/e6072d4f65d7061329687fe24e3d63a7-common-args.resp
-target arm64-apple-ios14.0 -fobjc-arc -fpascal-strings -Os -fno-common '-DTHEOS_PACKAGE_SCHEME_ROOTHIDE=1' '-DOBJC_OLD_DISPATCH_PROTOTYPES=0' -isysroot /Applications/Xcode_15.4.app/Contents/Developer/Platforms/iPhoneOS.platform/Developer/SDKs/iPhoneOS17.5.sdk '-fvisibility=hidden' -iquote /Users/runner/work/PullOverPlus/PullOverPlus/src/PullOver-Plus-main/build/roothide/derived-data/Build/Intermediates.noindex/PullOverPlus.build/Release-iphoneos/PullOverPlusPreferences.build/PullOverPlusPreferences-generated-files.hmap -I/Users/runner/work/PullOverPlus/PullOverPlus/src/PullOver-Plus-main/build/roothide/derived-data/Build/Intermediates.noindex/PullOverPlus.build/Release-iphoneos/PullOverPlusPreferences.build/PullOverPlusPreferences-own-target-headers.hmap -I/Users/runner/work/PullOverPlus/PullOverPlus/src/PullOver-Plus-main/build/roothide/derived-data/Build/Intermediates.noindex/PullOverPlus.build/Release-iphoneos/PullOverPlusPreferences.build/PullOverPlusPreferences-all-target-headers.hmap -iquote /Users/runner/work/PullOverPlus/PullOverPlus/src/PullOver-Plus-main/build/roothide/derived-data/Build/Intermediates.noindex/PullOverPlus.build/Release-iphoneos/PullOverPlusPreferences.build/PullOverPlusPreferences-project-headers.hmap -I/Users/runner/work/PullOverPlus/PullOverPlus/src/PullOver-Plus-main/build/roothide/products/include -I/Users/runner/work/PullOverPlus/PullOverPlus/src/PullOver-Plus-main/roothide-devkit -I/opt/theos/vendor/include -I/opt/theos/include -I/Users/runner/work/PullOverPlus/PullOverPlus/src/PullOver-Plus-main/build/roothide/derived-data/Build/Intermediates.noindex/PullOverPlus.build/Release-iphoneos/PullOverPlusPreferences.build/DerivedSources-normal/arm64 -I/Users/runner/work/PullOverPlus/PullOverPlus/src/PullOver-Plus-main/build/roothide/derived-data/Build/Intermediates.noindex/PullOverPlus.build/Release-iphoneos/PullOverPlusPreferences.build/DerivedSources/arm64 -I/Users/runner/work/PullOverPlus/PullOverPlus/src/PullOver-Plus-main/build/roothide/derived-data/Build/Intermediates.noindex/PullOverPlus.build/Release-iphoneos/PullOverPlusPreferences.build/DerivedSources -F/Users/runner/work/PullOverPlus/PullOverPlus/src/PullOver-Plus-main/build/roothide/products -F/Users/runner/work/PullOverPlus/PullOverPlus/src/PullOver-Plus-main/roothide-devkit/roothide -F/Users/runner/work/PullOverPlus/PullOverPlus/src/PullOver-Plus-main/PullOverPlusPreferences/Frameworks/_roothide -F/opt/theos/vendor/lib

WriteAuxiliaryFile /Users/runner/work/PullOverPlus/PullOverPlus/src/PullOver-Plus-main/build/roothide/derived-data/Build/Intermediates.noindex/PullOverPlus.build/Release-iphoneos/PullOverPlusPreferences.build/Objects-normal/arm64/7187679823f38a2a940e0043cdf9d637-common-args.resp (in target 'PullOverPlusPreferences' from project 'PullOverPlus')
    cd /Users/runner/work/PullOverPlus/PullOverPlus/src/PullOver-Plus-main
    write-file /Users/runner/work/PullOverPlus/PullOverPlus/src/PullOver-Plus-main/build/roothide/derived-data/Build/Intermediates.noindex/PullOverPlus.build/Release-iphoneos/PullOverPlusPreferences.build/Objects-normal/arm64/7187679823f38a2a940e0043cdf9d637-common-args.resp
-target arm64-apple-ios14.0 -fpascal-strings -Os -fno-common '-DTHEOS_PACKAGE_SCHEME_ROOTHIDE=1' -isysroot /Applications/Xcode_15.4.app/Contents/Developer/Platforms/iPhoneOS.platform/Developer/SDKs/iPhoneOS17.5.sdk '-fvisibility=hidden' -iquote /Users/runner/work/PullOverPlus/PullOverPlus/src/PullOver-Plus-main/build/roothide/derived-data/Build/Intermediates.noindex/PullOverPlus.build/Release-iphoneos/PullOverPlusPreferences.build/PullOverPlusPreferences-generated-files.hmap -I/Users/runner/work/PullOverPlus/PullOverPlus/src/PullOver-Plus-main/build/roothide/derived-data/Build/Intermediates.noindex/PullOverPlus.build/Release-iphoneos/PullOverPlusPreferences.build/PullOverPlusPreferences-own-target-headers.hmap -I/Users/runner/work/PullOverPlus/PullOverPlus/src/PullOver-Plus-main/build/roothide/derived-data/Build/Intermediates.noindex/PullOverPlus.build/Release-iphoneos/PullOverPlusPreferences.build/PullOverPlusPreferences-all-target-headers.hmap -iquote /Users/runner/work/PullOverPlus/PullOverPlus/src/PullOver-Plus-main/build/roothide/derived-data/Build/Intermediates.noindex/PullOverPlus.build/Release-iphoneos/PullOverPlusPreferences.build/PullOverPlusPreferences-project-headers.hmap -I/Users/runner/work/PullOverPlus/PullOverPlus/src/PullOver-Plus-main/build/roothide/products/include -I/Users/runner/work/PullOverPlus/PullOverPlus/src/PullOver-Plus-main/roothide-devkit -I/opt/theos/vendor/include -I/opt/theos/include -I/Users/runner/work/PullOverPlus/PullOverPlus/src/PullOver-Plus-main/build/roothide/derived-data/Build/Intermediates.noindex/PullOverPlus.build/Release-iphoneos/PullOverPlusPreferences.build/DerivedSources-normal/arm64 -I/Users/runner/work/PullOverPlus/PullOverPlus/src/PullOver-Plus-main/build/roothide/derived-data/Build/Intermediates.noindex/PullOverPlus.build/Release-iphoneos/PullOverPlusPreferences.build/DerivedSources/arm64 -I/Users/runner/work/PullOverPlus/PullOverPlus/src/PullOver-Plus-main/build/roothide/derived-data/Build/Intermediates.noindex/PullOverPlus.build/Release-iphoneos/PullOverPlusPreferences.build/DerivedSources -F/Users/runner/work/PullOverPlus/PullOverPlus/src/PullOver-Plus-main/build/roothide/products -F/Users/runner/work/PullOverPlus/PullOverPlus/src/PullOver-Plus-main/roothide-devkit/roothide -F/Users/runner/work/PullOverPlus/PullOverPlus/src/PullOver-Plus-main/PullOverPlusPreferences/Frameworks/_roothide -F/opt/theos/vendor/lib

WriteAuxiliaryFile /Users/runner/work/PullOverPlus/PullOverPlus/src/PullOver-Plus-main/build/roothide/derived-data/Build/Intermediates.noindex/PullOverPlus.build/Release-iphoneos/PullOverPlusPreferences.build/DerivedSources/PullOverPlusPreferences_vers.c (in target 'PullOverPlusPreferences' from project 'PullOverPlus')
    cd /Users/runner/work/PullOverPlus/PullOverPlus/src/PullOver-Plus-main
    write-file /Users/runner/work/PullOverPlus/PullOverPlus/src/PullOver-Plus-main/build/roothide/derived-data/Build/Intermediates.noindex/PullOverPlus.build/Release-iphoneos/PullOverPlusPreferences.build/DerivedSources/PullOverPlusPreferences_vers.c

ProcessPCH /Users/runner/work/PullOverPlus/PullOverPlus/src/PullOver-Plus-main/build/roothide/derived-data/Build/Intermediates.noindex/PrecompiledHeaders/SharedPrecompiledHeaders/9653354643459158272/PullOverPlusPreferences-Prefix.pch.gch /Users/runner/work/PullOverPlus/PullOverPlus/src/PullOver-Plus-main/PullOverPlusPreferences/PullOverPlusPreferences-Prefix.pch normal arm64e objective-c com.apple.compilers.llvm.clang.1_0.compiler (in target 'PullOverPlusPreferences' from project 'PullOverPlus')
    cd /Users/runner/work/PullOverPlus/PullOverPlus/src/PullOver-Plus-main
    
    Precompile of '/Users/runner/work/PullOverPlus/PullOverPlus/src/PullOver-Plus-main/PullOverPlusPreferences/PullOverPlusPreferences-Prefix.pch' required by '/Users/runner/work/PullOverPlus/PullOverPlus/src/PullOver-Plus-main/POLocalization.m'
    
    /Applications/Xcode_15.4.app/Contents/Developer/Toolchains/XcodeDefault.xctoolchain/usr/bin/clang -x objective-c-header -fmessage-length\=0 -fdiagnostics-show-note-include-stack -fmacro-backtrace-limit\=0 -fno-color-diagnostics -Wno-trigraphs -Wno-missing-field-initializers -Wno-missing-prototypes -Werror\=return-type -Wdocumentation -Wunreachable-code -Wquoted-include-in-framework-header -Wno-implicit-atomic-properties -Werror\=deprecated-objc-isa-usage -Wno-objc-interface-ivars -Werror\=objc-root-class -Wno-arc-repeated-use-of-weak -Wimplicit-retain-self -Wduplicate-method-match -Wno-missing-braces -Wparentheses -Wswitch -Wunused-function -Wno-unused-label -Wno-unused-parameter -Wunused-variable -Wunused-value -Wempty-body -Wuninitialized -Wconditional-uninitialized -Wno-unknown-pragmas -Wno-shadow -Wno-four-char-constants -Wno-conversion -Wconstant-conversion -Wint-conversion -Wbool-conversion -Wenum-conversion -Wno-float-conversion -Wnon-literal-null-conversion -Wobjc-literal-conversion -Wshorten-64-to-32 -Wpointer-sign -Wno-newline-eof -Wno-selector -Wno-strict-selector-match -Wundeclared-selector -Wdeprecated-implementations -Wno-implicit-fallthrough -fstrict-aliasing -Wprotocol -Wdeprecated-declarations -Wno-sign-conversion -Winfinite-recursion -Wcomma -Wblock-capture-autoreleasing -Wstrict-prototypes -Wno-semicolon-before-method-body -Wunguarded-availability @/Users/runner/work/PullOverPlus/PullOverPlus/src/PullOver-Plus-main/build/roothide/derived-data/Build/Intermediates.noindex/PullOverPlus.build/Release-iphoneos/PullOverPlusPreferences.build/Objects-normal/arm64e/e6072d4f65d7061329687fe24e3d63a7-common-args.resp -c /Users/runner/work/PullOverPlus/PullOverPlus/src/PullOver-Plus-main/PullOverPlusPreferences/PullOverPlusPreferences-Prefix.pch -MD -MT dependencies -MF /Users/runner/work/PullOverPlus/PullOverPlus/src/PullOver-Plus-main/build/roothide/derived-data/Build/Intermediates.noindex/PrecompiledHeaders/SharedPrecompiledHeaders/9653354643459158272/PullOverPlusPreferences-Prefix.pch.d -iquote /Users/runner/work/PullOverPlus/PullOverPlus/src/PullOver-Plus-main/build/roothide/derived-data/Build/Intermediates.noindex/PullOverPlus.build/Release-iphoneos/PullOverPlusPreferences.build/PullOverPlusPreferences-generated-files.hmap -I/Users/runner/work/PullOverPlus/PullOverPlus/src/PullOver-Plus-main/build/roothide/derived-data/Build/Intermediates.noindex/PullOverPlus.build/Release-iphoneos/PullOverPlusPreferences.build/PullOverPlusPreferences-own-target-headers.hmap -I/Users/runner/work/PullOverPlus/PullOverPlus/src/PullOver-Plus-main/build/roothide/derived-data/Build/Intermediates.noindex/PullOverPlus.build/Release-iphoneos/PullOverPlusPreferences.build/PullOverPlusPreferences-all-target-headers.hmap -iquote /Users/runner/work/PullOverPlus/PullOverPlus/src/PullOver-Plus-main/build/roothide/derived-data/Build/Intermediates.noindex/PullOverPlus.build/Release-iphoneos/PullOverPlusPreferences.build/PullOverPlusPreferences-project-headers.hmap -I/Users/runner/work/PullOverPlus/PullOverPlus/src/PullOver-Plus-main/build/roothide/products/include -I/Users/runner/work/PullOverPlus/PullOverPlus/src/PullOver-Plus-main/roothide-devkit -I/opt/theos/vendor/include -I/opt/theos/include -I/Users/runner/work/PullOverPlus/PullOverPlus/src/PullOver-Plus-main/build/roothide/derived-data/Build/Intermediates.noindex/PullOverPlus.build/Release-iphoneos/PullOverPlusPreferences.build/DerivedSources-normal/arm64e -I/Users/runner/work/PullOverPlus/PullOverPlus/src/PullOver-Plus-main/build/roothide/derived-data/Build/Intermediates.noindex/PullOverPlus.build/Release-iphoneos/PullOverPlusPreferences.build/DerivedSources/arm64e -I/Users/runner/work/PullOverPlus/PullOverPlus/src/PullOver-Plus-main/build/roothide/derived-data/Build/Intermediates.noindex/PullOverPlus.build/Release-iphoneos/PullOverPlusPreferences.build/DerivedSources -o /Users/runner/work/PullOverPlus/PullOverPlus/src/PullOver-Plus-main/build/roothide/derived-data/Build/Intermediates.noindex/PrecompiledHeaders/SharedPrecompiledHeaders/9653354643459158272/PullOverPlusPreferences-Prefix.pch.gch --serialize-diagnostics /Users/runner/work/PullOverPlus/PullOverPlus/src/PullOver-Plus-main/build/roothide/derived-data/Build/Intermediates.noindex/PrecompiledHeaders/SharedPrecompiledHeaders/9653354643459158272/PullOverPlusPreferences-Prefix.pch.dia

ProcessPCH /Users/runner/work/PullOverPlus/PullOverPlus/src/PullOver-Plus-main/build/roothide/derived-data/Build/Intermediates.noindex/PrecompiledHeaders/SharedPrecompiledHeaders/10277126574798606479/PullOverPlusPreferences-Prefix.pch.gch /Users/runner/work/PullOverPlus/PullOverPlus/src/PullOver-Plus-main/PullOverPlusPreferences/PullOverPlusPreferences-Prefix.pch normal arm64 objective-c com.apple.compilers.llvm.clang.1_0.compiler (in target 'PullOverPlusPreferences' from project 'PullOverPlus')
    cd /Users/runner/work/PullOverPlus/PullOverPlus/src/PullOver-Plus-main
    
    Precompile of '/Users/runner/work/PullOverPlus/PullOverPlus/src/PullOver-Plus-main/PullOverPlusPreferences/PullOverPlusPreferences-Prefix.pch' required by '/Users/runner/work/PullOverPlus/PullOverPlus/src/PullOver-Plus-main/POLocalization.m'
    
    /Applications/Xcode_15.4.app/Contents/Developer/Toolchains/XcodeDefault.xctoolchain/usr/bin/clang -x objective-c-header -fmessage-length\=0 -fdiagnostics-show-note-include-stack -fmacro-backtrace-limit\=0 -fno-color-diagnostics -Wno-trigraphs -Wno-missing-field-initializers -Wno-missing-prototypes -Werror\=return-type -Wdocumentation -Wunreachable-code -Wquoted-include-in-framework-header -Wno-implicit-atomic-properties -Werror\=deprecated-objc-isa-usage -Wno-objc-interface-ivars -Werror\=objc-root-class -Wno-arc-repeated-use-of-weak -Wimplicit-retain-self -Wduplicate-method-match -Wno-missing-braces -Wparentheses -Wswitch -Wunused-function -Wno-unused-label -Wno-unused-parameter -Wunused-variable -Wunused-value -Wempty-body -Wuninitialized -Wconditional-uninitialized -Wno-unknown-pragmas -Wno-shadow -Wno-four-char-constants -Wno-conversion -Wconstant-conversion -Wint-conversion -Wbool-conversion -Wenum-conversion -Wno-float-conversion -Wnon-literal-null-conversion -Wobjc-literal-conversion -Wshorten-64-to-32 -Wpointer-sign -Wno-newline-eof -Wno-selector -Wno-strict-selector-match -Wundeclared-selector -Wdeprecated-implementations -Wno-implicit-fallthrough -fstrict-aliasing -Wprotocol -Wdeprecated-declarations -Wno-sign-conversion -Winfinite-recursion -Wcomma -Wblock-capture-autoreleasing -Wstrict-prototypes -Wno-semicolon-before-method-body -Wunguarded-availability @/Users/runner/work/PullOverPlus/PullOverPlus/src/PullOver-Plus-main/build/roothide/derived-data/Build/Intermediates.noindex/PullOverPlus.build/Release-iphoneos/PullOverPlusPreferences.build/Objects-normal/arm64/e6072d4f65d7061329687fe24e3d63a7-common-args.resp -c /Users/runner/work/PullOverPlus/PullOverPlus/src/PullOver-Plus-main/PullOverPlusPreferences/PullOverPlusPreferences-Prefix.pch -MD -MT dependencies -MF /Users/runner/work/PullOverPlus/PullOverPlus/src/PullOver-Plus-main/build/roothide/derived-data/Build/Intermediates.noindex/PrecompiledHeaders/SharedPrecompiledHeaders/10277126574798606479/PullOverPlusPreferences-Prefix.pch.d -iquote /Users/runner/work/PullOverPlus/PullOverPlus/src/PullOver-Plus-main/build/roothide/derived-data/Build/Intermediates.noindex/PullOverPlus.build/Release-iphoneos/PullOverPlusPreferences.build/PullOverPlusPreferences-generated-files.hmap -I/Users/runner/work/PullOverPlus/PullOverPlus/src/PullOver-Plus-main/build/roothide/derived-data/Build/Intermediates.noindex/PullOverPlus.build/Release-iphoneos/PullOverPlusPreferences.build/PullOverPlusPreferences-own-target-headers.hmap -I/Users/runner/work/PullOverPlus/PullOverPlus/src/PullOver-Plus-main/build/roothide/derived-data/Build/Intermediates.noindex/PullOverPlus.build/Release-iphoneos/PullOverPlusPreferences.build/PullOverPlusPreferences-all-target-headers.hmap -iquote /Users/runner/work/PullOverPlus/PullOverPlus/src/PullOver-Plus-main/build/roothide/derived-data/Build/Intermediates.noindex/PullOverPlus.build/Release-iphoneos/PullOverPlusPreferences.build/PullOverPlusPreferences-project-headers.hmap -I/Users/runner/work/PullOverPlus/PullOverPlus/src/PullOver-Plus-main/build/roothide/products/include -I/Users/runner/work/PullOverPlus/PullOverPlus/src/PullOver-Plus-main/roothide-devkit -I/opt/theos/vendor/include -I/opt/theos/include -I/Users/runner/work/PullOverPlus/PullOverPlus/src/PullOver-Plus-main/build/roothide/derived-data/Build/Intermediates.noindex/PullOverPlus.build/Release-iphoneos/PullOverPlusPreferences.build/DerivedSources-normal/arm64 -I/Users/runner/work/PullOverPlus/PullOverPlus/src/PullOver-Plus-main/build/roothide/derived-data/Build/Intermediates.noindex/PullOverPlus.build/Release-iphoneos/PullOverPlusPreferences.build/DerivedSources/arm64 -I/Users/runner/work/PullOverPlus/PullOverPlus/src/PullOver-Plus-main/build/roothide/derived-data/Build/Intermediates.noindex/PullOverPlus.build/Release-iphoneos/PullOverPlusPreferences.build/DerivedSources -o /Users/runner/work/PullOverPlus/PullOverPlus/src/PullOver-Plus-main/build/roothide/derived-data/Build/Intermediates.noindex/PrecompiledHeaders/SharedPrecompiledHeaders/10277126574798606479/PullOverPlusPreferences-Prefix.pch.gch --serialize-diagnostics /Users/runner/work/PullOverPlus/PullOverPlus/src/PullOver-Plus-main/build/roothide/derived-data/Build/Intermediates.noindex/PrecompiledHeaders/SharedPrecompiledHeaders/10277126574798606479/PullOverPlusPreferences-Prefix.pch.dia

ProcessInfoPlistFile /Users/runner/work/PullOverPlus/PullOverPlus/src/PullOver-Plus-main/build/roothide/products/PullOverPlusPreferences.bundle/Info.plist /Users/runner/work/PullOverPlus/PullOverPlus/src/PullOver-Plus-main/PullOverPlusPreferences/PullOverPlusPreferences-Info.plist (in target 'PullOverPlusPreferences' from project 'PullOverPlus')
    cd /Users/runner/work/PullOverPlus/PullOverPlus/src/PullOver-Plus-main
    builtin-infoPlistUtility /Users/runner/work/PullOverPlus/PullOverPlus/src/PullOver-Plus-main/PullOverPlusPreferences/PullOverPlusPreferences-Info.plist -producttype com.apple.product-type.bundle -expandbuildsettings -format binary -platform iphoneos -requiredArchitecture arm64 -o /Users/runner/work/PullOverPlus/PullOverPlus/src/PullOver-Plus-main/build/roothide/products/PullOverPlusPreferences.bundle/Info.plist
error: unable to read property list from file: /Users/runner/work/PullOverPlus/PullOverPlus/src/PullOver-Plus-main/PullOverPlusPreferences/PullOverPlusPreferences-Info.plist: The operation couldn’t be completed. (XCBUtil.PropertyListConversionError error 2.) (in target 'PullOverPlusPreferences' from project 'PullOverPlus')

CopyStringsFile /Users/runner/work/PullOverPlus/PullOverPlus/src/PullOver-Plus-main/build/roothide/products/PullOverPlusPreferences.bundle/zh-Hans.lproj/Tweak.strings /Users/runner/work/PullOverPlus/PullOverPlus/src/PullOver-Plus-main/PullOverPlusPreferences/Package/Library/PreferenceBundles/PullOverPlusPreferences.bundle/zh-Hans.lproj/Tweak.strings (in target 'PullOverPlusPreferences' from project 'PullOverPlus')
    cd /Users/runner/work/PullOverPlus/PullOverPlus/src/PullOver-Plus-main
    builtin-copyStrings --validate --outputencoding binary --outfilename Tweak.strings --outdir /Users/runner/work/PullOverPlus/PullOverPlus/src/PullOver-Plus-main/build/roothide/products/PullOverPlusPreferences.bundle/zh-Hans.lproj -- /Users/runner/work/PullOverPlus/PullOverPlus/src/PullOver-Plus-main/PullOverPlusPreferences/Package/Library/PreferenceBundles/PullOverPlusPreferences.bundle/zh-Hans.lproj/Tweak.strings
/Users/runner/work/PullOverPlus/PullOverPlus/src/PullOver-Plus-main/PullOverPlusPreferences/Package/Library/PreferenceBundles/PullOverPlusPreferences.bundle/zh-Hans.lproj/Tweak.strings:1:1: note: detected encoding of input file as Unicode (UTF-8) (in target 'PullOverPlusPreferences' from project 'PullOverPlus')

CopyStringsFile /Users/runner/work/PullOverPlus/PullOverPlus/src/PullOver-Plus-main/build/roothide/products/PullOverPlusPreferences.bundle/zh-Hans.lproj/PullOverPlusPreferences.strings /Users/runner/work/PullOverPlus/PullOverPlus/src/PullOver-Plus-main/PullOverPlusPreferences/Package/Library/PreferenceBundles/PullOverPlusPreferences.bundle/zh-Hans.lproj/PullOverPlusPreferences.strings (in target 'PullOverPlusPreferences' from project 'PullOverPlus')
    cd /Users/runner/work/PullOverPlus/PullOverPlus/src/PullOver-Plus-main
    builtin-copyStrings --validate --outputencoding binary --outfilename PullOverPlusPreferences.strings --outdir /Users/runner/work/PullOverPlus/PullOverPlus/src/PullOver-Plus-main/build/roothide/products/PullOverPlusPreferences.bundle/zh-Hans.lproj -- /Users/runner/work/PullOverPlus/PullOverPlus/src/PullOver-Plus-main/PullOverPlusPreferences/Package/Library/PreferenceBundles/PullOverPlusPreferences.bundle/zh-Hans.lproj/PullOverPlusPreferences.strings
/Users/runner/work/PullOverPlus/PullOverPlus/src/PullOver-Plus-main/PullOverPlusPreferences/Package/Library/PreferenceBundles/PullOverPlusPreferences.bundle/zh-Hans.lproj/PullOverPlusPreferences.strings:1:1: note: detected encoding of input file as Unicode (UTF-8) (in target 'PullOverPlusPreferences' from project 'PullOverPlus')

** BUILD FAILED **


The following build commands failed:
	ProcessInfoPlistFile /Users/runner/work/PullOverPlus/PullOverPlus/src/PullOver-Plus-main/build/roothide/products/PullOverPlusPreferences.bundle/Info.plist /Users/runner/work/PullOverPlus/PullOverPlus/src/PullOver-Plus-main/PullOverPlusPreferences/PullOverPlusPreferences-Info.plist (in target 'PullOverPlusPreferences' from project 'PullOverPlus')
(1 failure)
+ echo 'build.sh 退出码=65'
build.sh 退出码=65
+ find . -name '*.deb' -print
+ cp -v 'packages/*.deb' /Users/runner/work/PullOverPlus/PullOverPlus/
cp: packages/*.deb: No such file or directory
+ true
+ ls -la /Users/runner/work/PullOverPlus/PullOverPlus
total 1688
drwxr-xr-x   8 runner  staff     256 Sep 18 19:38 .
drwxr-xr-x   3 runner  staff      96 Sep 18 19:38 ..
drwxr-xr-x  14 runner  staff     448 Sep 18 19:38 .git
drwxr-xr-x   3 runner  staff      96 Sep 18 19:38 .github
-rw-r--r--   1 runner  staff   63304 Sep 18 19:38 build.log
-rw-r--r--   1 runner  staff  494362 Sep 18 19:38 deb-latest.deb
drwxr-xr-x   3 runner  staff      96 Sep 18 19:38 src
-rw-r--r--   1 runner  staff  300458 Sep 18 19:38 src-latest.zip
